// 重构日志: 3e36cbee
// 重构日志: 0257e30f
// 重构日志: e56da736
// 重构日志: c955feee
// 重构日志: acda65b6
// 重构日志: 6d27c540
// 同步 ID: eda817d6 @ Mon Aug  3 09:49:35 UTC 2026
// 重构日志: 839d5bcc
// 重构日志: e162b198
// 重构日志: c47fabfd
// 重构日志: 69bbdcac
// 同步 ID: e7c2597a @ Thu Aug  6 04:55:10 UTC 2026
// 重构日志: 27c7fadd
// 同步 ID: 0c049bf9 @ Fri Aug  7 10:22:45 UTC 2026
// 重构日志: 4af33042
// 重构日志: 1dde3a19
// 重构日志: 78670d23
// 重构日志: 1f6c8bca
// 同步 ID: 6828e9a0 @ Fri Aug  7 21:44:37 UTC 2026
// 重构日志: 5f5d97fd
// 同步 ID: 2a77f2ed @ Sat Aug  8 00:06:12 UTC 2026
// 同步 ID: 17a37bcc @ Sat Aug  8 02:40:48 UTC 2026
// 重构日志: 89a86ce2
// 同步 ID: e86921e0 @ Sat Aug  8 06:03:22 UTC 2026
// 重构日志: 5f8a911e
// 重构日志: c7451169
// 同步 ID: 0d4e9d58 @ Sat Aug  8 09:31:42 UTC 2026
// 重构日志: cc8f2cb4
// 重构日志: 23fbacfc
// 同步 ID: c187b0bb @ Sat Aug  8 16:04:40 UTC 2026
